// Jest Snapshot v1, https://goo.gl/fbAQLP

exports[`optional chaining test suite should return undefined when nested object is undefined 1`] = `1628546`;
